// Jest Snapshot v1, https://goo.gl/fbAQLP

exports[`Snapshot renders App 1`] = `
<DocumentFragment>
  <h1>
    Hello World
  </h1>
  <h1>
    Home
  </h1>
</DocumentFragment>
`;
